  Geri y├╝klenecek projeler belirleniyor...
C:\Users\Administrator\Documents\Projects\KuyumHesapWeb\KuyumHesapWeb.Core\KuyumHesapWeb.Core.csproj : warning NU1903: 'AutoMapper' 12.0.0 paketinde ├Ânem derecesi y├╝ksek olan bilinen bir https://github.com/advisories/GHSA-rvv3-g6hj-g44x g├╝venlik a├ğ─▒─ş─▒ var [C:\Users\Administrator\Documents\Projects\KuyumHesapWeb\KuyumHesapWeb.sln]
  Geri y├╝kleme i├ğin t├╝m projeler g├╝ncel.
C:\Users\Administrator\Documents\Projects\KuyumHesapWeb\KuyumHesapWeb.Core\KuyumHesapWeb.Core.csproj : warning NU1903: 'AutoMapper' 12.0.0 paketinde ├Ânem derecesi y├╝ksek olan bilinen bir https://github.com/advisories/GHSA-rvv3-g6hj-g44x g├╝venlik a├ğ─▒─ş─▒ var
  KuyumHesapWeb.Core -> C:\Users\Administrator\Documents\Projects\KuyumHesapWeb\KuyumHesapWeb.Core\bin\Debug\net8.0\KuyumHesapWeb.Core.dll
C:\Program Files\dotnet\sdk\9.0.308\Microsoft.Common.CurrentVersion.targets(5093,5): warning MSB3026: "C:\Users\Administrator\Documents\Projects\KuyumHesapWeb\KuyumHesapWeb.Core\bin\Debug\net8.0\KuyumHesapWeb.Core.dll", "bin\Debug\net8.0\KuyumHesapWeb.Core.dll" ├╝zerine kopyalanamad─▒. 1 numaral─▒ yeniden denemeye 1000 ms i├ğinde ba┼şlanacak. The process cannot access the file 'C:\Users\Administrator\Documents\Projects\KuyumHesapWeb\KuyumHesapWeb.UI\bin\Debug\net8.0\KuyumHesapWeb.Core.dll' because it is being used by another process. Dosya ┼şunun taraf─▒ndan kilitlendi: "KuyumHesapWeb.UI (30348)" [C:\Users\Administrator\Documents\Projects\KuyumHesapWeb\KuyumHesapWeb.UI\KuyumHesapWeb.UI.csproj]
C:\Program Files\dotnet\sdk\9.0.308\Microsoft.Common.CurrentVersion.targets(5093,5): warning MSB3026: "C:\Users\Administrator\Documents\Projects\KuyumHesapWeb\KuyumHesapWeb.Core\bin\Debug\net8.0\KuyumHesapWeb.Core.dll", "bin\Debug\net8.0\KuyumHesapWeb.Core.dll" ├╝zerine kopyalanamad─▒. 2 numaral─▒ yeniden denemeye 1000 ms i├ğinde ba┼şlanacak. The process cannot access the file 'C:\Users\Administrator\Documents\Projects\KuyumHesapWeb\KuyumHesapWeb.UI\bin\Debug\net8.0\KuyumHesapWeb.Core.dll' because it is being used by another process. Dosya ┼şunun taraf─▒ndan kilitlendi: "KuyumHesapWeb.UI (30348)" [C:\Users\Administrator\Documents\Projects\KuyumHesapWeb\KuyumHesapWeb.UI\KuyumHesapWeb.UI.csproj]
C:\Program Files\dotnet\sdk\9.0.308\Microsoft.Common.CurrentVersion.targets(5093,5): warning MSB3026: "C:\Users\Administrator\Documents\Projects\KuyumHesapWeb\KuyumHesapWeb.Core\bin\Debug\net8.0\KuyumHesapWeb.Core.dll", "bin\Debug\net8.0\KuyumHesapWeb.Core.dll" ├╝zerine kopyalanamad─▒. 3 numaral─▒ yeniden denemeye 1000 ms i├ğinde ba┼şlanacak. The process cannot access the file 'C:\Users\Administrator\Documents\Projects\KuyumHesapWeb\KuyumHesapWeb.UI\bin\Debug\net8.0\KuyumHesapWeb.Core.dll' because it is being used by another process. Dosya ┼şunun taraf─▒ndan kilitlendi: "KuyumHesapWeb.UI (30348)" [C:\Users\Administrator\Documents\Projects\KuyumHesapWeb\KuyumHesapWeb.UI\KuyumHesapWeb.UI.csproj]
C:\Program Files\dotnet\sdk\9.0.308\Microsoft.Common.CurrentVersion.targets(5093,5): warning MSB3026: "C:\Users\Administrator\Documents\Projects\KuyumHesapWeb\KuyumHesapWeb.Core\bin\Debug\net8.0\KuyumHesapWeb.Core.dll", "bin\Debug\net8.0\KuyumHesapWeb.Core.dll" ├╝zerine kopyalanamad─▒. 4 numaral─▒ yeniden denemeye 1000 ms i├ğinde ba┼şlanacak. The process cannot access the file 'C:\Users\Administrator\Documents\Projects\KuyumHesapWeb\KuyumHesapWeb.UI\bin\Debug\net8.0\KuyumHesapWeb.Core.dll' because it is being used by another process. Dosya ┼şunun taraf─▒ndan kilitlendi: "KuyumHesapWeb.UI (30348)" [C:\Users\Administrator\Documents\Projects\KuyumHesapWeb\KuyumHesapWeb.UI\KuyumHesapWeb.UI.csproj]
C:\Program Files\dotnet\sdk\9.0.308\Microsoft.Common.CurrentVersion.targets(5093,5): warning MSB3026: "C:\Users\Administrator\Documents\Projects\KuyumHesapWeb\KuyumHesapWeb.Core\bin\Debug\net8.0\KuyumHesapWeb.Core.dll", "bin\Debug\net8.0\KuyumHesapWeb.Core.dll" ├╝zerine kopyalanamad─▒. 5 numaral─▒ yeniden denemeye 1000 ms i├ğinde ba┼şlanacak. The process cannot access the file 'C:\Users\Administrator\Documents\Projects\KuyumHesapWeb\KuyumHesapWeb.UI\bin\Debug\net8.0\KuyumHesapWeb.Core.dll' because it is being used by another process. Dosya ┼şunun taraf─▒ndan kilitlendi: "KuyumHesapWeb.UI (30348)" [C:\Users\Administrator\Documents\Projects\KuyumHesapWeb\KuyumHesapWeb.UI\KuyumHesapWeb.UI.csproj]
C:\Program Files\dotnet\sdk\9.0.308\Microsoft.Common.CurrentVersion.targets(5093,5): warning MSB3026: "C:\Users\Administrator\Documents\Projects\KuyumHesapWeb\KuyumHesapWeb.Core\bin\Debug\net8.0\KuyumHesapWeb.Core.dll", "bin\Debug\net8.0\KuyumHesapWeb.Core.dll" ├╝zerine kopyalanamad─▒. 6 numaral─▒ yeniden denemeye 1000 ms i├ğinde ba┼şlanacak. The process cannot access the file 'C:\Users\Administrator\Documents\Projects\KuyumHesapWeb\KuyumHesapWeb.UI\bin\Debug\net8.0\KuyumHesapWeb.Core.dll' because it is being used by another process. Dosya ┼şunun taraf─▒ndan kilitlendi: "KuyumHesapWeb.UI (30348)" [C:\Users\Administrator\Documents\Projects\KuyumHesapWeb\KuyumHesapWeb.UI\KuyumHesapWeb.UI.csproj]
C:\Program Files\dotnet\sdk\9.0.308\Microsoft.Common.CurrentVersion.targets(5093,5): warning MSB3026: "C:\Users\Administrator\Documents\Projects\KuyumHesapWeb\KuyumHesapWeb.Core\bin\Debug\net8.0\KuyumHesapWeb.Core.dll", "bin\Debug\net8.0\KuyumHesapWeb.Core.dll" ├╝zerine kopyalanamad─▒. 7 numaral─▒ yeniden denemeye 1000 ms i├ğinde ba┼şlanacak. The process cannot access the file 'C:\Users\Administrator\Documents\Projects\KuyumHesapWeb\KuyumHesapWeb.UI\bin\Debug\net8.0\KuyumHesapWeb.Core.dll' because it is being used by another process. Dosya ┼şunun taraf─▒ndan kilitlendi: "KuyumHesapWeb.UI (30348)" [C:\Users\Administrator\Documents\Projects\KuyumHesapWeb\KuyumHesapWeb.UI\KuyumHesapWeb.UI.csproj]
C:\Program Files\dotnet\sdk\9.0.308\Microsoft.Common.CurrentVersion.targets(5093,5): warning MSB3026: "C:\Users\Administrator\Documents\Projects\KuyumHesapWeb\KuyumHesapWeb.Core\bin\Debug\net8.0\KuyumHesapWeb.Core.dll", "bin\Debug\net8.0\KuyumHesapWeb.Core.dll" ├╝zerine kopyalanamad─▒. 8 numaral─▒ yeniden denemeye 1000 ms i├ğinde ba┼şlanacak. The process cannot access the file 'C:\Users\Administrator\Documents\Projects\KuyumHesapWeb\KuyumHesapWeb.UI\bin\Debug\net8.0\KuyumHesapWeb.Core.dll' because it is being used by another process. Dosya ┼şunun taraf─▒ndan kilitlendi: "KuyumHesapWeb.UI (30348)" [C:\Users\Administrator\Documents\Projects\KuyumHesapWeb\KuyumHesapWeb.UI\KuyumHesapWeb.UI.csproj]
C:\Program Files\dotnet\sdk\9.0.308\Microsoft.Common.CurrentVersion.targets(5093,5): warning MSB3026: "C:\Users\Administrator\Documents\Projects\KuyumHesapWeb\KuyumHesapWeb.Core\bin\Debug\net8.0\KuyumHesapWeb.Core.dll", "bin\Debug\net8.0\KuyumHesapWeb.Core.dll" ├╝zerine kopyalanamad─▒. 9 numaral─▒ yeniden denemeye 1000 ms i├ğinde ba┼şlanacak. The process cannot access the file 'C:\Users\Administrator\Documents\Projects\KuyumHesapWeb\KuyumHesapWeb.UI\bin\Debug\net8.0\KuyumHesapWeb.Core.dll' because it is being used by another process. Dosya ┼şunun taraf─▒ndan kilitlendi: "KuyumHesapWeb.UI (30348)" [C:\Users\Administrator\Documents\Projects\KuyumHesapWeb\KuyumHesapWeb.UI\KuyumHesapWeb.UI.csproj]
C:\Program Files\dotnet\sdk\9.0.308\Microsoft.Common.CurrentVersion.targets(5093,5): warning MSB3026: "C:\Users\Administrator\Documents\Projects\KuyumHesapWeb\KuyumHesapWeb.Core\bin\Debug\net8.0\KuyumHesapWeb.Core.dll", "bin\Debug\net8.0\KuyumHesapWeb.Core.dll" ├╝zerine kopyalanamad─▒. 10 numaral─▒ yeniden denemeye 1000 ms i├ğinde ba┼şlanacak. The process cannot access the file 'C:\Users\Administrator\Documents\Projects\KuyumHesapWeb\KuyumHesapWeb.UI\bin\Debug\net8.0\KuyumHesapWeb.Core.dll' because it is being used by another process. Dosya ┼şunun taraf─▒ndan kilitlendi: "KuyumHesapWeb.UI (30348)" [C:\Users\Administrator\Documents\Projects\KuyumHesapWeb\KuyumHesapWeb.UI\KuyumHesapWeb.UI.csproj]
C:\Program Files\dotnet\sdk\9.0.308\Microsoft.Common.CurrentVersion.targets(5093,5): error MSB3027: "C:\Users\Administrator\Documents\Projects\KuyumHesapWeb\KuyumHesapWeb.Core\bin\Debug\net8.0\KuyumHesapWeb.Core.dll", "bin\Debug\net8.0\KuyumHesapWeb.Core.dll" ├╝zerine kopyalanamad─▒. 10 yeniden deneme say─▒s─▒ a┼ş─▒ld─▒. Ba┼şar─▒s─▒z oldu. Dosya ┼şunun taraf─▒ndan kilitlendi: "KuyumHesapWeb.UI (30348)" [C:\Users\Administrator\Documents\Projects\KuyumHesapWeb\KuyumHesapWeb.UI\KuyumHesapWeb.UI.csproj]
C:\Program Files\dotnet\sdk\9.0.308\Microsoft.Common.CurrentVersion.targets(5093,5): error MSB3021: "C:\Users\Administrator\Documents\Projects\KuyumHesapWeb\KuyumHesapWeb.Core\bin\Debug\net8.0\KuyumHesapWeb.Core.dll" dosyas─▒ "bin\Debug\net8.0\KuyumHesapWeb.Core.dll" ├╝zerine kopyalanam─▒yor. The process cannot access the file 'C:\Users\Administrator\Documents\Projects\KuyumHesapWeb\KuyumHesapWeb.UI\bin\Debug\net8.0\KuyumHesapWeb.Core.dll' because it is being used by another process. [C:\Users\Administrator\Documents\Projects\KuyumHesapWeb\KuyumHesapWeb.UI\KuyumHesapWeb.UI.csproj]

Olu┼şturma BA┼ŞARISIZ OLDU.

C:\Users\Administrator\Documents\Projects\KuyumHesapWeb\KuyumHesapWeb.Core\KuyumHesapWeb.Core.csproj : warning NU1903: 'AutoMapper' 12.0.0 paketinde ├Ânem derecesi y├╝ksek olan bilinen bir https://github.com/advisories/GHSA-rvv3-g6hj-g44x g├╝venlik a├ğ─▒─ş─▒ var [C:\Users\Administrator\Documents\Projects\KuyumHesapWeb\KuyumHesapWeb.sln]
C:\Users\Administrator\Documents\Projects\KuyumHesapWeb\KuyumHesapWeb.Core\KuyumHesapWeb.Core.csproj : warning NU1903: 'AutoMapper' 12.0.0 paketinde ├Ânem derecesi y├╝ksek olan bilinen bir https://github.com/advisories/GHSA-rvv3-g6hj-g44x g├╝venlik a├ğ─▒─ş─▒ var
C:\Program Files\dotnet\sdk\9.0.308\Microsoft.Common.CurrentVersion.targets(5093,5): warning MSB3026: "C:\Users\Administrator\Documents\Projects\KuyumHesapWeb\KuyumHesapWeb.Core\bin\Debug\net8.0\KuyumHesapWeb.Core.dll", "bin\Debug\net8.0\KuyumHesapWeb.Core.dll" ├╝zerine kopyalanamad─▒. 1 numaral─▒ yeniden denemeye 1000 ms i├ğinde ba┼şlanacak. The process cannot access the file 'C:\Users\Administrator\Documents\Projects\KuyumHesapWeb\KuyumHesapWeb.UI\bin\Debug\net8.0\KuyumHesapWeb.Core.dll' because it is being used by another process. Dosya ┼şunun taraf─▒ndan kilitlendi: "KuyumHesapWeb.UI (30348)" [C:\Users\Administrator\Documents\Projects\KuyumHesapWeb\KuyumHesapWeb.UI\KuyumHesapWeb.UI.csproj]
C:\Program Files\dotnet\sdk\9.0.308\Microsoft.Common.CurrentVersion.targets(5093,5): warning MSB3026: "C:\Users\Administrator\Documents\Projects\KuyumHesapWeb\KuyumHesapWeb.Core\bin\Debug\net8.0\KuyumHesapWeb.Core.dll", "bin\Debug\net8.0\KuyumHesapWeb.Core.dll" ├╝zerine kopyalanamad─▒. 2 numaral─▒ yeniden denemeye 1000 ms i├ğinde ba┼şlanacak. The process cannot access the file 'C:\Users\Administrator\Documents\Projects\KuyumHesapWeb\KuyumHesapWeb.UI\bin\Debug\net8.0\KuyumHesapWeb.Core.dll' because it is being used by another process. Dosya ┼şunun taraf─▒ndan kilitlendi: "KuyumHesapWeb.UI (30348)" [C:\Users\Administrator\Documents\Projects\KuyumHesapWeb\KuyumHesapWeb.UI\KuyumHesapWeb.UI.csproj]
C:\Program Files\dotnet\sdk\9.0.308\Microsoft.Common.CurrentVersion.targets(5093,5): warning MSB3026: "C:\Users\Administrator\Documents\Projects\KuyumHesapWeb\KuyumHesapWeb.Core\bin\Debug\net8.0\KuyumHesapWeb.Core.dll", "bin\Debug\net8.0\KuyumHesapWeb.Core.dll" ├╝zerine kopyalanamad─▒. 3 numaral─▒ yeniden denemeye 1000 ms i├ğinde ba┼şlanacak. The process cannot access the file 'C:\Users\Administrator\Documents\Projects\KuyumHesapWeb\KuyumHesapWeb.UI\bin\Debug\net8.0\KuyumHesapWeb.Core.dll' because it is being used by another process. Dosya ┼şunun taraf─▒ndan kilitlendi: "KuyumHesapWeb.UI (30348)" [C:\Users\Administrator\Documents\Projects\KuyumHesapWeb\KuyumHesapWeb.UI\KuyumHesapWeb.UI.csproj]
C:\Program Files\dotnet\sdk\9.0.308\Microsoft.Common.CurrentVersion.targets(5093,5): warning MSB3026: "C:\Users\Administrator\Documents\Projects\KuyumHesapWeb\KuyumHesapWeb.Core\bin\Debug\net8.0\KuyumHesapWeb.Core.dll", "bin\Debug\net8.0\KuyumHesapWeb.Core.dll" ├╝zerine kopyalanamad─▒. 4 numaral─▒ yeniden denemeye 1000 ms i├ğinde ba┼şlanacak. The process cannot access the file 'C:\Users\Administrator\Documents\Projects\KuyumHesapWeb\KuyumHesapWeb.UI\bin\Debug\net8.0\KuyumHesapWeb.Core.dll' because it is being used by another process. Dosya ┼şunun taraf─▒ndan kilitlendi: "KuyumHesapWeb.UI (30348)" [C:\Users\Administrator\Documents\Projects\KuyumHesapWeb\KuyumHesapWeb.UI\KuyumHesapWeb.UI.csproj]
C:\Program Files\dotnet\sdk\9.0.308\Microsoft.Common.CurrentVersion.targets(5093,5): warning MSB3026: "C:\Users\Administrator\Documents\Projects\KuyumHesapWeb\KuyumHesapWeb.Core\bin\Debug\net8.0\KuyumHesapWeb.Core.dll", "bin\Debug\net8.0\KuyumHesapWeb.Core.dll" ├╝zerine kopyalanamad─▒. 5 numaral─▒ yeniden denemeye 1000 ms i├ğinde ba┼şlanacak. The process cannot access the file 'C:\Users\Administrator\Documents\Projects\KuyumHesapWeb\KuyumHesapWeb.UI\bin\Debug\net8.0\KuyumHesapWeb.Core.dll' because it is being used by another process. Dosya ┼şunun taraf─▒ndan kilitlendi: "KuyumHesapWeb.UI (30348)" [C:\Users\Administrator\Documents\Projects\KuyumHesapWeb\KuyumHesapWeb.UI\KuyumHesapWeb.UI.csproj]
C:\Program Files\dotnet\sdk\9.0.308\Microsoft.Common.CurrentVersion.targets(5093,5): warning MSB3026: "C:\Users\Administrator\Documents\Projects\KuyumHesapWeb\KuyumHesapWeb.Core\bin\Debug\net8.0\KuyumHesapWeb.Core.dll", "bin\Debug\net8.0\KuyumHesapWeb.Core.dll" ├╝zerine kopyalanamad─▒. 6 numaral─▒ yeniden denemeye 1000 ms i├ğinde ba┼şlanacak. The process cannot access the file 'C:\Users\Administrator\Documents\Projects\KuyumHesapWeb\KuyumHesapWeb.UI\bin\Debug\net8.0\KuyumHesapWeb.Core.dll' because it is being used by another process. Dosya ┼şunun taraf─▒ndan kilitlendi: "KuyumHesapWeb.UI (30348)" [C:\Users\Administrator\Documents\Projects\KuyumHesapWeb\KuyumHesapWeb.UI\KuyumHesapWeb.UI.csproj]
C:\Program Files\dotnet\sdk\9.0.308\Microsoft.Common.CurrentVersion.targets(5093,5): warning MSB3026: "C:\Users\Administrator\Documents\Projects\KuyumHesapWeb\KuyumHesapWeb.Core\bin\Debug\net8.0\KuyumHesapWeb.Core.dll", "bin\Debug\net8.0\KuyumHesapWeb.Core.dll" ├╝zerine kopyalanamad─▒. 7 numaral─▒ yeniden denemeye 1000 ms i├ğinde ba┼şlanacak. The process cannot access the file 'C:\Users\Administrator\Documents\Projects\KuyumHesapWeb\KuyumHesapWeb.UI\bin\Debug\net8.0\KuyumHesapWeb.Core.dll' because it is being used by another process. Dosya ┼şunun taraf─▒ndan kilitlendi: "KuyumHesapWeb.UI (30348)" [C:\Users\Administrator\Documents\Projects\KuyumHesapWeb\KuyumHesapWeb.UI\KuyumHesapWeb.UI.csproj]
C:\Program Files\dotnet\sdk\9.0.308\Microsoft.Common.CurrentVersion.targets(5093,5): warning MSB3026: "C:\Users\Administrator\Documents\Projects\KuyumHesapWeb\KuyumHesapWeb.Core\bin\Debug\net8.0\KuyumHesapWeb.Core.dll", "bin\Debug\net8.0\KuyumHesapWeb.Core.dll" ├╝zerine kopyalanamad─▒. 8 numaral─▒ yeniden denemeye 1000 ms i├ğinde ba┼şlanacak. The process cannot access the file 'C:\Users\Administrator\Documents\Projects\KuyumHesapWeb\KuyumHesapWeb.UI\bin\Debug\net8.0\KuyumHesapWeb.Core.dll' because it is being used by another process. Dosya ┼şunun taraf─▒ndan kilitlendi: "KuyumHesapWeb.UI (30348)" [C:\Users\Administrator\Documents\Projects\KuyumHesapWeb\KuyumHesapWeb.UI\KuyumHesapWeb.UI.csproj]
C:\Program Files\dotnet\sdk\9.0.308\Microsoft.Common.CurrentVersion.targets(5093,5): warning MSB3026: "C:\Users\Administrator\Documents\Projects\KuyumHesapWeb\KuyumHesapWeb.Core\bin\Debug\net8.0\KuyumHesapWeb.Core.dll", "bin\Debug\net8.0\KuyumHesapWeb.Core.dll" ├╝zerine kopyalanamad─▒. 9 numaral─▒ yeniden denemeye 1000 ms i├ğinde ba┼şlanacak. The process cannot access the file 'C:\Users\Administrator\Documents\Projects\KuyumHesapWeb\KuyumHesapWeb.UI\bin\Debug\net8.0\KuyumHesapWeb.Core.dll' because it is being used by another process. Dosya ┼şunun taraf─▒ndan kilitlendi: "KuyumHesapWeb.UI (30348)" [C:\Users\Administrator\Documents\Projects\KuyumHesapWeb\KuyumHesapWeb.UI\KuyumHesapWeb.UI.csproj]
C:\Program Files\dotnet\sdk\9.0.308\Microsoft.Common.CurrentVersion.targets(5093,5): warning MSB3026: "C:\Users\Administrator\Documents\Projects\KuyumHesapWeb\KuyumHesapWeb.Core\bin\Debug\net8.0\KuyumHesapWeb.Core.dll", "bin\Debug\net8.0\KuyumHesapWeb.Core.dll" ├╝zerine kopyalanamad─▒. 10 numaral─▒ yeniden denemeye 1000 ms i├ğinde ba┼şlanacak. The process cannot access the file 'C:\Users\Administrator\Documents\Projects\KuyumHesapWeb\KuyumHesapWeb.UI\bin\Debug\net8.0\KuyumHesapWeb.Core.dll' because it is being used by another process. Dosya ┼şunun taraf─▒ndan kilitlendi: "KuyumHesapWeb.UI (30348)" [C:\Users\Administrator\Documents\Projects\KuyumHesapWeb\KuyumHesapWeb.UI\KuyumHesapWeb.UI.csproj]
C:\Program Files\dotnet\sdk\9.0.308\Microsoft.Common.CurrentVersion.targets(5093,5): error MSB3027: "C:\Users\Administrator\Documents\Projects\KuyumHesapWeb\KuyumHesapWeb.Core\bin\Debug\net8.0\KuyumHesapWeb.Core.dll", "bin\Debug\net8.0\KuyumHesapWeb.Core.dll" ├╝zerine kopyalanamad─▒. 10 yeniden deneme say─▒s─▒ a┼ş─▒ld─▒. Ba┼şar─▒s─▒z oldu. Dosya ┼şunun taraf─▒ndan kilitlendi: "KuyumHesapWeb.UI (30348)" [C:\Users\Administrator\Documents\Projects\KuyumHesapWeb\KuyumHesapWeb.UI\KuyumHesapWeb.UI.csproj]
C:\Program Files\dotnet\sdk\9.0.308\Microsoft.Common.CurrentVersion.targets(5093,5): error MSB3021: "C:\Users\Administrator\Documents\Projects\KuyumHesapWeb\KuyumHesapWeb.Core\bin\Debug\net8.0\KuyumHesapWeb.Core.dll" dosyas─▒ "bin\Debug\net8.0\KuyumHesapWeb.Core.dll" ├╝zerine kopyalanam─▒yor. The process cannot access the file 'C:\Users\Administrator\Documents\Projects\KuyumHesapWeb\KuyumHesapWeb.UI\bin\Debug\net8.0\KuyumHesapWeb.Core.dll' because it is being used by another process. [C:\Users\Administrator\Documents\Projects\KuyumHesapWeb\KuyumHesapWeb.UI\KuyumHesapWeb.UI.csproj]
    12 Uyar─▒
    2 Hata

Ge├ğen S├╝re 00:00:12.35

─░┼ş y├╝k├╝ g├╝ncelle┼ştirmeleri var. Daha fazla bilgi i├ğin `dotnet workload list` ├ğal─▒┼şt─▒r─▒n.
